// Jest Snapshot v1, https://goo.gl/fbAQLP

exports[`components/detailsPage Renders default options 1`] = `
<div
  className="container"
>
  <div
    className="contentbox"
  >
    <div
      className="detailsWrapper"
    >
      <div
        className="imageWrapper"
      >
        <img
          className="image"
          height={280}
        />
      </div>
      <div
        className="nameBlock"
      >
        <span
          className="name"
        />
        <span
          className="price"
        >
          $
        </span>
      </div>
    </div>
    <div
      className="divider"
    />
    <div
      className="descriptionBox"
    >
      <span
        className="title"
      >
        Description
      </span>
      <span
        className="description"
      />
    </div>
  </div>
</div>
`;
