// Jest Snapshot v1, https://goo.gl/fbAQLP

exports[`components/homePage Renders default options 1`] = `
<div
  className="productContainer"
>
  <div
    className="boxContainer"
  >
    <input
      className="searchBar"
      onChange={[Function]}
      placeholder="Apple Watch, Samsung S21, Macbook Pro iphone 11"
      value=""
    />
    <select
      className="category"
      id="category"
      name="category"
      onChange={[Function]}
      value=""
    >
      <option
        className="optionText"
        value=""
      >
        Category
      </option>
    </select>
  </div>
  <div
    className="fabButton"
  >
    <Link
      className="addButton"
      to="/create"
    >
      <span
        className="addCircle"
      />
    </Link>
  </div>
</div>
`;
